// Jest Snapshot v1, https://goo.gl/fbAQLP

exports[`playlist creation 1`] = `
[MockFunction] {
  "calls": Array [
    Array [
      Object {
        "av_rating": 0,
        "name": "Deej-A.I.",
        "num_ratings": 0,
        "track_ids": Array [
          "1O0xeZrBDbq7HPREdmYUYK",
          "0JyCyKN7bG2z4EHN09nciG",
          "1CAO7hiNOxJRPW4nFv2aRO",
          "0moQVPOSwTaTeFFaRPH7ap",
          "4XcUADpOth9Wroq5EVMFJq",
          "23ObLnkIhZaM41ML4Hyg8u",
          "3QLRbcPezeE6FP5KRM1EvM",
          "38llcrfX1arUqrEe0DRRzW",
          "7pLPpTvMosiIheeOOr13TZ",
          "3bJdTkdwntcf7PT3NiUHKH",
          "6wXjxDLgVU6xHlupqiIAf3",
          "1b7LMtXCXGc2EwOIplI35z",
        ],
        "tracks": Array [
          "Jim Croce - Bad, Bad Leroy Brown",
          "Looking Glass - Brandy (You're a Fine Girl) - Single Version",
          "Three Dog Night - Mama Told Me (Not To Come) - Single Version",
          "Bedlam - Harvest Moon",
          "Three Dog Night - Black And White",
          "Johnny Rivers - Rockin' Pneumonia And The Boogie Woogie Flu",
          "Bedlam - Magic Carpet Ride",
          "Jim Croce - I Got a Name - Stereo Version",
          "George Baker Selection - Little Green Bag - Single Edit",
          "Quentin Tarantino - Madonna Speech",
          "Surf Boys - Misirlou (From \\"Pulp Fiction\\")",
          "Stealers Wheel - Stuck In The Middle With You",
        ],
        "waypoints": Array [
          "1O0xeZrBDbq7HPREdmYUYK",
          "1b7LMtXCXGc2EwOIplI35z",
        ],
      },
      Object {
        "track_ids": Array [
          "1O0xeZrBDbq7HPREdmYUYK",
          "1b7LMtXCXGc2EwOIplI35z",
        ],
      },
    ],
  ],
  "results": Array [
    Object {
      "type": "return",
      "value": undefined,
    },
  ],
}
`;
