// Jest Snapshot v1, https://goo.gl/fbAQLP

exports[`track search 1`] = `
Array [
  <option
    data-testid="track"
    label="Big Audio Dynamite - James Brown"
    style="width: 100%;"
    value="0W2Xfl0t9JojDut31fFvs1"
  >
    Big Audio Dynamite - James Brown
  </option>,
  <option
    data-testid="track"
    label="Buckshot LeFonque - James Brown (Part 1 & 2)"
    style="width: 100%;"
    value="6iw1VpCXjpVaAIdb4e161Y"
  >
    Buckshot LeFonque - James Brown (Part 1 & 2)
  </option>,
  <option
    data-testid="track"
    label="CDM Project - James Brown Is Dead"
    style="width: 100%;"
    value="0Ajc88nXry0PKM4TQ8BMVK"
  >
    CDM Project - James Brown Is Dead
  </option>,
  <option
    data-testid="track"
    label="Cabaret Voltaire - James Brown - 7'' Version"
    style="width: 100%;"
    value="6nrlVurPMroxw67sa5rwXp"
  >
    Cabaret Voltaire - James Brown - 7'' Version
  </option>,
  <option
    data-testid="track"
    label="Cage The Elephant - James Brown"
    style="width: 100%;"
    value="7wqGNKgDuDsOSLbWQgrqqK"
  >
    Cage The Elephant - James Brown
  </option>,
  <option
    data-testid="track"
    label="Dead Ghosts - James Brown"
    style="width: 100%;"
    value="1VqaHymy5iE0YkplavnBK1"
  >
    Dead Ghosts - James Brown
  </option>,
  <option
    data-testid="track"
    label="Down Town James Brown - Shout Out to Bannon (In Color) [feat. Down Town James Brown]"
    style="width: 100%;"
    value="6DhoulOjVAkT579SabmnTj"
  >
    Down Town James Brown - Shout Out to Bannon (In Color) [feat. Down Town James Brown]
  </option>,
  <option
    data-testid="track"
    label="JAMESBROWNSHON - D.O.A."
    style="width: 100%;"
    value="1SA0NwZDHbLj69FmHrGoQp"
  >
    JAMESBROWNSHON - D.O.A.
  </option>,
  <option
    data-testid="track"
    label="JAMESBROWNSHON - REBIRTH"
    style="width: 100%;"
    value="1VZNm7TKaiwz0w1BOU1BfN"
  >
    JAMESBROWNSHON - REBIRTH
  </option>,
  <option
    data-testid="track"
    label="James Brown & The Famous Flames - Ain't That A Groove - Single Version"
    style="width: 100%;"
    value="1ycqgxaKISGBeZjN9n2HY7"
  >
    James Brown & The Famous Flames - Ain't That A Groove - Single Version
  </option>,
  <option
    data-testid="track"
    label="James Brown & The Famous Flames - America Is My Home - Pt. 1"
    style="width: 100%;"
    value="2pgEabdcVmCfEbhd5MnKJ7"
  >
    James Brown & The Famous Flames - America Is My Home - Pt. 1
  </option>,
  <option
    data-testid="track"
    label="James Brown & The Famous Flames - Baby You're Right"
    style="width: 100%;"
    value="5WSG0pIDnY9ba67KgH8RHy"
  >
    James Brown & The Famous Flames - Baby You're Right
  </option>,
  <option
    data-testid="track"
    label="James Brown & The Famous Flames - Bewildered"
    style="width: 100%;"
    value="3yEJaav55jS4ZVImqiJP6r"
  >
    James Brown & The Famous Flames - Bewildered
  </option>,
  <option
    data-testid="track"
    label="James Brown & The Famous Flames - Bring It Up - Live At The Apollo Theater, 1967"
    style="width: 100%;"
    value="5XmJpUKK9SYm4GQr1tJQBD"
  >
    James Brown & The Famous Flames - Bring It Up - Live At The Apollo Theater, 1967
  </option>,
  <option
    data-testid="track"
    label="James Brown & The Famous Flames - Can You Feel It Part. 1"
    style="width: 100%;"
    value="05QOwaI3MGt3QQSgzhvWVi"
  >
    James Brown & The Famous Flames - Can You Feel It Part. 1
  </option>,
  <option
    data-testid="track"
    label="James Brown & The Famous Flames - Cold Sweat"
    style="width: 100%;"
    value="3GWM2gYAWWBrrh1h9F8DEc"
  >
    James Brown & The Famous Flames - Cold Sweat
  </option>,
  <option
    data-testid="track"
    label="James Brown & The Famous Flames - Cold Sweat - Live At The Apollo Theater, 1967"
    style="width: 100%;"
    value="3m7ZLxNcsEYpejqbalJSFd"
  >
    James Brown & The Famous Flames - Cold Sweat - Live At The Apollo Theater, 1967
  </option>,
  <option
    data-testid="track"
    label="James Brown & The Famous Flames - Cold Sweat - Live At The Apollo Theater/1967"
    style="width: 100%;"
    value="0XNWm3l0bzEIGyXY5lUKTG"
  >
    James Brown & The Famous Flames - Cold Sweat - Live At The Apollo Theater/1967
  </option>,
  <option
    data-testid="track"
    label="James Brown & The Famous Flames - Cold Sweat Part 1"
    style="width: 100%;"
    value="39PqVnxzNG1O9So8nE55CS"
  >
    James Brown & The Famous Flames - Cold Sweat Part 1
  </option>,
  <option
    data-testid="track"
    label="James Brown & The Famous Flames - Cold Sweat Part 2"
    style="width: 100%;"
    value="3KRXXr7mpl1sqmmZaUNBho"
  >
    James Brown & The Famous Flames - Cold Sweat Part 2
  </option>,
  <option
    data-testid="track"
    label="James Brown & The Famous Flames - Come Over Here"
    style="width: 100%;"
    value="4oiS8u6gpXugKgnLCGH7eX"
  >
    James Brown & The Famous Flames - Come Over Here
  </option>,
  <option
    data-testid="track"
    label="James Brown & The Famous Flames - Dancin Little Thing"
    style="width: 100%;"
    value="4dz4XApSDu9TRias28vh5o"
  >
    James Brown & The Famous Flames - Dancin Little Thing
  </option>,
  <option
    data-testid="track"
    label="James Brown & The Famous Flames - Fever"
    style="width: 100%;"
    value="4PB7El6Pt5yvn5Q0uW9DKi"
  >
    James Brown & The Famous Flames - Fever
  </option>,
  <option
    data-testid="track"
    label="James Brown & The Famous Flames - Fine Old Foxy Self"
    style="width: 100%;"
    value="1R6rrawHHYOF0m1lkAk5or"
  >
    James Brown & The Famous Flames - Fine Old Foxy Self
  </option>,
  <option
    data-testid="track"
    label="James Brown & The Famous Flames - Funky Soul #1"
    style="width: 100%;"
    value="2qjDyjdJ23waFeYeyv8GAL"
  >
    James Brown & The Famous Flames - Funky Soul #1
  </option>,
  <option
    data-testid="track"
    label="James Brown & The Famous Flames - Get It Together, Pt. 1 - Single Version"
    style="width: 100%;"
    value="6nVtveQZy1W0nEy0icjwKW"
  >
    James Brown & The Famous Flames - Get It Together, Pt. 1 - Single Version
  </option>,
  <option
    data-testid="track"
    label="James Brown & The Famous Flames - Good Good Lovin'"
    style="width: 100%;"
    value="1oco0s2AKvqDbKEfPbmOKS"
  >
    James Brown & The Famous Flames - Good Good Lovin'
  </option>,
  <option
    data-testid="track"
    label="James Brown & The Famous Flames - Good Rockin' Tonight"
    style="width: 100%;"
    value="0Vn2GvjEECwcjoMdmDYU7K"
  >
    James Brown & The Famous Flames - Good Rockin' Tonight
  </option>,
  <option
    data-testid="track"
    label="James Brown & The Famous Flames - Have Mercy Baby"
    style="width: 100%;"
    value="5C94uTWvgOeUYbdPTUTGpk"
  >
    James Brown & The Famous Flames - Have Mercy Baby
  </option>,
  <option
    data-testid="track"
    label="James Brown & The Famous Flames - I Can't Help It (I Just Do-Do-Do)"
    style="width: 100%;"
    value="10Yo58FUYLVZkTlQZaeRIi"
  >
    James Brown & The Famous Flames - I Can't Help It (I Just Do-Do-Do)
  </option>,
  <option
    data-testid="track"
    label="James Brown & The Famous Flames - I Feel All Right - Live At The Apollo Theater, 1967"
    style="width: 100%;"
    value="0tKU4PZ9apzB0D35jloITc"
  >
    James Brown & The Famous Flames - I Feel All Right - Live At The Apollo Theater, 1967
  </option>,
  <option
    data-testid="track"
    label="James Brown & The Famous Flames - I Guess I'll Have To Cry, Cry, Cry - Single Version"
    style="width: 100%;"
    value="0lF4vTTszEImpNoqM75bnV"
  >
    James Brown & The Famous Flames - I Guess I'll Have To Cry, Cry, Cry - Single Version
  </option>,
  <option
    data-testid="track"
    label="James Brown & The Famous Flames - I Know It's True"
    style="width: 100%;"
    value="3JFsHnmpFyKUeDRJKNDdOr"
  >
    James Brown & The Famous Flames - I Know It's True
  </option>,
  <option
    data-testid="track"
    label="James Brown & The Famous Flames - I Love You Yes I Do"
    style="width: 100%;"
    value="4ZTAYG9AneqXtkLJOkjX65"
  >
    James Brown & The Famous Flames - I Love You Yes I Do
  </option>,
  <option
    data-testid="track"
    label="James Brown & The Famous Flames - I Loves You Porgy"
    style="width: 100%;"
    value="0GtdYrT66RxaWQJ2S8BNXZ"
  >
    James Brown & The Famous Flames - I Loves You Porgy
  </option>,
  <option
    data-testid="track"
    label="James Brown & The Famous Flames - I Want To Be Around - Live At The Apollo Theater, 1967"
    style="width: 100%;"
    value="77wO41BV9Fe1lLhiSVsIJU"
  >
    James Brown & The Famous Flames - I Want To Be Around - Live At The Apollo Theater, 1967
  </option>,
  <option
    data-testid="track"
    label="James Brown & The Famous Flames - I'll Go Crazy"
    style="width: 100%;"
    value="4Qcjd9oQjWfbihYK7oievR"
  >
    James Brown & The Famous Flames - I'll Go Crazy
  </option>,
  <option
    data-testid="track"
    label="James Brown & The Famous Flames - I'll Go Crazy - Live At The Apollo Theater/1962"
    style="width: 100%;"
    value="153J5eghdnigwe9E2bmq4F"
  >
    James Brown & The Famous Flames - I'll Go Crazy - Live At The Apollo Theater/1962
  </option>,
  <option
    data-testid="track"
    label="James Brown & The Famous Flames - I'll Never Never Let You Go"
    style="width: 100%;"
    value="4pIfO7RR6M2NMhgP1TqaGm"
  >
    James Brown & The Famous Flames - I'll Never Never Let You Go
  </option>,
  <option
    data-testid="track"
    label="James Brown & The Famous Flames - Introduction - Live At The Apollo Theater, 1967"
    style="width: 100%;"
    value="0zABhslnUyCOm6PlV6X8LJ"
  >
    James Brown & The Famous Flames - Introduction - Live At The Apollo Theater, 1967
  </option>,
  <option
    data-testid="track"
    label="James Brown & The Famous Flames - Is It Yes Or Is It No?"
    style="width: 100%;"
    value="0Rl0uAVTKl4eCjkSdsXGPr"
  >
    James Brown & The Famous Flames - Is It Yes Or Is It No?
  </option>,
  <option
    data-testid="track"
    label="James Brown & The Famous Flames - It Was You"
    style="width: 100%;"
    value="7c8Y2IZrsmExMxCm7bVCqB"
  >
    James Brown & The Famous Flames - It Was You
  </option>,
  <option
    data-testid="track"
    label="James Brown & The Famous Flames - Just You And Me Darling"
    style="width: 100%;"
    value="4X7F1qVi8u0GczEJRRw8Kt"
  >
    James Brown & The Famous Flames - Just You And Me Darling
  </option>,
  <option
    data-testid="track"
    label="James Brown & The Famous Flames - Kansas City"
    style="width: 100%;"
    value="3cdRD7U1JQ8GQWhrqo6pKc"
  >
    James Brown & The Famous Flames - Kansas City
  </option>,
  <option
    data-testid="track"
    label="James Brown & The Famous Flames - Kansas City - Live At The Apollo Theater, 1967"
    style="width: 100%;"
    value="4UnF0EOHBJOFNtynLa26ba"
  >
    James Brown & The Famous Flames - Kansas City - Live At The Apollo Theater, 1967
  </option>,
  <option
    data-testid="track"
    label="James Brown & The Famous Flames - Let Yourself Go - Live At The Apollo Theater, 1967"
    style="width: 100%;"
    value="5Fw86IXdNhRyDaY45PzeRx"
  >
    James Brown & The Famous Flames - Let Yourself Go - Live At The Apollo Theater, 1967
  </option>,
  <option
    data-testid="track"
    label="James Brown & The Famous Flames - Let Yourself Go - Single Version"
    style="width: 100%;"
    value="25MiBXxvGP83bXMT0Qvm3u"
  >
    James Brown & The Famous Flames - Let Yourself Go - Single Version
  </option>,
  <option
    data-testid="track"
    label="James Brown & The Famous Flames - Licking Stick - Licking Stick, Pt. 1 - Single Version"
    style="width: 100%;"
    value="5OQWWLldqXV6oBoWrtntWy"
  >
    James Brown & The Famous Flames - Licking Stick - Licking Stick, Pt. 1 - Single Version
  </option>,
  <option
    data-testid="track"
    label="James Brown & The Famous Flames - Love Don't Love Nobody"
    style="width: 100%;"
    value="6Cz1CqwHCuAW3lf1jv1KDc"
  >
    James Brown & The Famous Flames - Love Don't Love Nobody
  </option>,
  <option
    data-testid="track"
    label="James Brown & The Famous Flames - Maybe Good Maybe Bad - Pt. 1"
    style="width: 100%;"
    value="1J78rA17nGXpxypsj9aWMo"
  >
    James Brown & The Famous Flames - Maybe Good Maybe Bad - Pt. 1
  </option>,
  <option
    data-testid="track"
    label="James Brown & The Famous Flames - Maybe Good Maybe Bad - Pt. 2"
    style="width: 100%;"
    value="11UNC0jYJf7bSVESSAYgA7"
  >
    James Brown & The Famous Flames - Maybe Good Maybe Bad - Pt. 2
  </option>,
  <option
    data-testid="track"
    label="James Brown & The Famous Flames - Maybe The Last Time - Single Version"
    style="width: 100%;"
    value="4jWLN0vV8WB2IvodhwGLso"
  >
    James Brown & The Famous Flames - Maybe The Last Time - Single Version
  </option>,
  <option
    data-testid="track"
    label="James Brown & The Famous Flames - Money Won't Change You - Pt. 1"
    style="width: 100%;"
    value="1Sntns0HFP6Ns9WCW6OLCO"
  >
    James Brown & The Famous Flames - Money Won't Change You - Pt. 1
  </option>,
  <option
    data-testid="track"
    label="James Brown & The Famous Flames - Nature Boy"
    style="width: 100%;"
    value="4jx1aRdx9vYZJbvIQd2AfV"
  >
    James Brown & The Famous Flames - Nature Boy
  </option>,
  <option
    data-testid="track"
    label="James Brown & The Famous Flames - Night Train"
    style="width: 100%;"
    value="2qMySltCEWiukiYj4nJAsI"
  >
    James Brown & The Famous Flames - Night Train
  </option>,
  <option
    data-testid="track"
    label="James Brown & The Famous Flames - Night Train - Instrumental"
    style="width: 100%;"
    value="6oebEl470l1jhat7KW86QF"
  >
    James Brown & The Famous Flames - Night Train - Instrumental
  </option>,
  <option
    data-testid="track"
    label="James Brown & The Famous Flames - Night Train - Live At The Apollo Theater/1962"
    style="width: 100%;"
    value="4ooIiw1NxkCeBYHGNHkcSz"
  >
    James Brown & The Famous Flames - Night Train - Live At The Apollo Theater/1962
  </option>,
  <option
    data-testid="track"
    label="James Brown & The Famous Flames - Papa's Got A Brand New Bag - Pt. 1"
    style="width: 100%;"
    value="6qsaEadyD2FpKnT1cGT5ei"
  >
    James Brown & The Famous Flames - Papa's Got A Brand New Bag - Pt. 1
  </option>,
  <option
    data-testid="track"
    label="James Brown & The Famous Flames - Please, Please, Please"
    style="width: 100%;"
    value="5s6DOElzncE6h3kr2UjaUM"
  >
    James Brown & The Famous Flames - Please, Please, Please
  </option>,
  <option
    data-testid="track"
    label="James Brown & The Famous Flames - Please, Please, Please - Live At The Apollo Theater, 1967"
    style="width: 100%;"
    value="2q5Y9D0LoO7MMqNQFd5Xye"
  >
    James Brown & The Famous Flames - Please, Please, Please - Live At The Apollo Theater, 1967
  </option>,
  <option
    data-testid="track"
    label="James Brown & The Famous Flames - Prisoner Of Love"
    style="width: 100%;"
    value="56cYRV3uLR7OuvZ7fES9mr"
  >
    James Brown & The Famous Flames - Prisoner Of Love
  </option>,
  <option
    data-testid="track"
    label="James Brown & The Famous Flames - Signed, Sealed And Delivered"
    style="width: 100%;"
    value="7dG6P37TfRETdEhekh9t1T"
  >
    James Brown & The Famous Flames - Signed, Sealed And Delivered
  </option>,
  <option
    data-testid="track"
    label="James Brown & The Famous Flames - So Long"
    style="width: 100%;"
    value="6DhflHOcDAzWsQZiv39gG4"
  >
    James Brown & The Famous Flames - So Long
  </option>,
  <option
    data-testid="track"
    label="James Brown & The Famous Flames - Stone Fox"
    style="width: 100%;"
    value="28Xw9MsozAuReW4XXQv1mi"
  >
    James Brown & The Famous Flames - Stone Fox
  </option>,
  <option
    data-testid="track"
    label="James Brown & The Famous Flames - Suds"
    style="width: 100%;"
    value="5FuBv8lwHYsqUKDYA0rks6"
  >
    James Brown & The Famous Flames - Suds
  </option>,
  <option
    data-testid="track"
    label="James Brown & The Famous Flames - Tell Me That You Love Me - Live In Tampa, Florida/1966"
    style="width: 100%;"
    value="2dadEDzM591voTWRbtfCRW"
  >
    James Brown & The Famous Flames - Tell Me That You Love Me - Live In Tampa, Florida/1966
  </option>,
  <option
    data-testid="track"
    label="James Brown & The Famous Flames - Tell Me What I Did Wrong"
    style="width: 100%;"
    value="0DuVTXKRZtHPMSQuPVqSjV"
  >
    James Brown & The Famous Flames - Tell Me What I Did Wrong
  </option>,
  <option
    data-testid="track"
    label="James Brown & The Famous Flames - Tell Me What You're Gonna Do"
    style="width: 100%;"
    value="53j79kGVHJ8Pn65folz9Gx"
  >
    James Brown & The Famous Flames - Tell Me What You're Gonna Do
  </option>,
  <option
    data-testid="track"
    label="James Brown & The Famous Flames - That's Life - Live At The Apollo Theater, 1967"
    style="width: 100%;"
    value="0jA9aoNAGU3J9YX0fEUZXO"
  >
    James Brown & The Famous Flames - That's Life - Live At The Apollo Theater, 1967
  </option>,
  <option
    data-testid="track"
    label="James Brown & The Famous Flames - The Bells"
    style="width: 100%;"
    value="3x4fGKJ2z4uSxMtzsWtRcN"
  >
    James Brown & The Famous Flames - The Bells
  </option>,
  <option
    data-testid="track"
    label="James Brown & The Famous Flames - The Soul Of J.B."
    style="width: 100%;"
    value="7qirB1EXNvIacptDfPgZlO"
  >
    James Brown & The Famous Flames - The Soul Of J.B.
  </option>,
  <option
    data-testid="track"
    label="James Brown & The Famous Flames - There Was A Time - Kenny Dope Remix"
    style="width: 100%;"
    value="2sAWLmLGNXNXWtCw2iwanG"
  >
    James Brown & The Famous Flames - There Was A Time - Kenny Dope Remix
  </option>,
  <option
    data-testid="track"
    label="James Brown & The Famous Flames - There Was A Time - Live At The Apollo Theater, 1967"
    style="width: 100%;"
    value="1AdeNennIIOU9u0ku3GJhq"
  >
    James Brown & The Famous Flames - There Was A Time - Live At The Apollo Theater, 1967
  </option>,
  <option
    data-testid="track"
    label="James Brown & The Famous Flames - There Was A Time - Live At The Apollo Theater/1967"
    style="width: 100%;"
    value="1NAIlRHOyqXyXoJfDzVxAM"
  >
    James Brown & The Famous Flames - There Was A Time - Live At The Apollo Theater/1967
  </option>,
  <option
    data-testid="track"
    label="James Brown & The Famous Flames - There Was A Time - Single Version"
    style="width: 100%;"
    value="69pavEV5HSJ81FHQhVB7Rh"
  >
    James Brown & The Famous Flames - There Was A Time - Single Version
  </option>,
  <option
    data-testid="track"
    label="James Brown & The Famous Flames - Think"
    style="width: 100%;"
    value="5CUpG7mTYvHYlk3xSLwl6z"
  >
    James Brown & The Famous Flames - Think
  </option>,
  <option
    data-testid="track"
    label="James Brown & The Famous Flames - Think - Live At The Apollo Theater, 1967"
    style="width: 100%;"
    value="1tu2EExhbbpWgSyjlr8zqO"
  >
    James Brown & The Famous Flames - Think - Live At The Apollo Theater, 1967
  </option>,
  <option
    data-testid="track"
    label="James Brown & The Famous Flames - Try Me"
    style="width: 100%;"
    value="4Kp31ydhTX1l4g84HiTWD5"
  >
    James Brown & The Famous Flames - Try Me
  </option>,
  <option
    data-testid="track"
    label="James Brown & The Famous Flames - Waiting In Vain"
    style="width: 100%;"
    value="3oZYKyhnO2jCXx7nlEZfFo"
  >
    James Brown & The Famous Flames - Waiting In Vain
  </option>,
  <option
    data-testid="track"
    label="James Brown & The Famous Flames - Why Do You Do Me"
    style="width: 100%;"
    value="3jTsBg0EXjy68BPYHS6nr3"
  >
    James Brown & The Famous Flames - Why Do You Do Me
  </option>,
  <option
    data-testid="track"
    label="James Brown & The Famous Flames - You Don't Have To Go"
    style="width: 100%;"
    value="5pFIkUvYv7sUhzr9kQHffB"
  >
    James Brown & The Famous Flames - You Don't Have To Go
  </option>,
  <option
    data-testid="track"
    label="James Brown - (Call Me) Super Bad - Live At The Apollo Theater/1971"
    style="width: 100%;"
    value="24RmswVU7lx44vLuUr8XVE"
  >
    James Brown - (Call Me) Super Bad - Live At The Apollo Theater/1971
  </option>,
  <option
    data-testid="track"
    label="James Brown - (Do The) Mashed Potatoes"
    style="width: 100%;"
    value="2D4tlQD8aakDkHIXFD2fgB"
  >
    James Brown - (Do The) Mashed Potatoes
  </option>,
  <option
    data-testid="track"
    label="James Brown - (I Love You) For Sentimental Reasons"
    style="width: 100%;"
    value="3nHZ5A2i4IWuq8CS7axlcw"
  >
    James Brown - (I Love You) For Sentimental Reasons
  </option>,
  <option
    data-testid="track"
    label="James Brown - A Lonely Little Boy Around One Little Christmas Toy"
    style="width: 100%;"
    value="24Wcp1NpZFypHC0jNfT6uh"
  >
    James Brown - A Lonely Little Boy Around One Little Christmas Toy
  </option>,
  <option
    data-testid="track"
    label="James Brown - A Man Has To Go Back To The Crossroads"
    style="width: 100%;"
    value="7p415IRibZ87XMpi7dP4t5"
  >
    James Brown - A Man Has To Go Back To The Crossroads
  </option>,
  <option
    data-testid="track"
    label="James Brown - After You Done It"
    style="width: 100%;"
    value="5UWFAZ7wouWv0ajejs2Zo1"
  >
    James Brown - After You Done It
  </option>,
  <option
    data-testid="track"
    label="James Brown - Ain't It A Groove"
    style="width: 100%;"
    value="0htRiWIhrVGRFIcAJ3mdig"
  >
    James Brown - Ain't It A Groove
  </option>,
  <option
    data-testid="track"
    label="James Brown - Ain't It Funky Now"
    style="width: 100%;"
    value="7gImcT0qaPEheW7BH8eL5z"
  >
    James Brown - Ain't It Funky Now
  </option>,
  <option
    data-testid="track"
    label="James Brown - Ain't It Funky Now (Parts 1 and 2)"
    style="width: 100%;"
    value="5pDntFG2pviuYB1d9XB0sj"
  >
    James Brown - Ain't It Funky Now (Parts 1 and 2)
  </option>,
  <option
    data-testid="track"
    label="James Brown - Ain't It Funky Now - Pt. 1"
    style="width: 100%;"
    value="0VQIPd8Id9vtu5SYIDiR3K"
  >
    James Brown - Ain't It Funky Now - Pt. 1
  </option>,
  <option
    data-testid="track"
    label="James Brown - Ain't It Funky Now - Pt. 2"
    style="width: 100%;"
    value="2jxh8ujq4OIZoVmosiZzuL"
  >
    James Brown - Ain't It Funky Now - Pt. 2
  </option>,
  <option
    data-testid="track"
    label="James Brown - Ain't Nobody Here But Us Chickens"
    style="width: 100%;"
    value="1kjavlyQXLxxJdVNgF2Z5M"
  >
    James Brown - Ain't Nobody Here But Us Chickens
  </option>,
  <option
    data-testid="track"
    label="James Brown - Ain't That A Groove"
    style="width: 100%;"
    value="3At7yUbLImAz2Olx99WFWD"
  >
    James Brown - Ain't That A Groove
  </option>,
  <option
    data-testid="track"
    label="James Brown - All The Way"
    style="width: 100%;"
    value="1AvnuOV52VVq8rDLUbpWWn"
  >
    James Brown - All The Way
  </option>,
  <option
    data-testid="track"
    label="James Brown - And I Do Just What I Want"
    style="width: 100%;"
    value="1oojUd6tM6n6Sd9oAoHcTI"
  >
    James Brown - And I Do Just What I Want
  </option>,
  <option
    data-testid="track"
    label="James Brown - Any Day Now"
    style="width: 100%;"
    value="43RDM6Bl311F43jpCphq0W"
  >
    James Brown - Any Day Now
  </option>,
  <option
    data-testid="track"
    label="James Brown - Are We Really Dancing"
    style="width: 100%;"
    value="6xHguFxSEjQygFarqza9fz"
  >
    James Brown - Are We Really Dancing
  </option>,
  <option
    data-testid="track"
    label="James Brown - Baby Cries Over The Ocean"
    style="width: 100%;"
    value="5Q3Ohy9NuZGbkouTAxyZns"
  >
    James Brown - Baby Cries Over The Ocean
  </option>,
  <option
    data-testid="track"
    label="James Brown - Baby Here I Come"
    style="width: 100%;"
    value="3Lr56iYsvyOK66WLa2y0Oh"
  >
    James Brown - Baby Here I Come
  </option>,
  <option
    data-testid="track"
    label="James Brown - Begging Begging"
    style="width: 100%;"
    value="4LkGpGsOEFBKMacYEfOTKv"
  >
    James Brown - Begging Begging
  </option>,
  <option
    data-testid="track"
    label="James Brown - Believers Shall Enjoy (Non Believers Shall Suffer)"
    style="width: 100%;"
    value="2Tap3TetQ9LOe8KBd3Mkge"
  >
    James Brown - Believers Shall Enjoy (Non Believers Shall Suffer)
  </option>,
  <option
    data-testid="track"
    label="James Brown - Believers Shall Enjoy (Non Believers Shall Suffer) - Instrumental"
    style="width: 100%;"
    value="6AbzM6Blqav94T7vUUQzmp"
  >
    James Brown - Believers Shall Enjoy (Non Believers Shall Suffer) - Instrumental
  </option>,
  <option
    data-testid="track"
    label="James Brown - Bessie"
    style="width: 100%;"
    value="38NYZIsiVDuAYt3bpNzpUv"
  >
    James Brown - Bessie
  </option>,
  <option
    data-testid="track"
    label="James Brown - Bewildered"
    style="width: 100%;"
    value="6DR33HOHJcw9KxCv5z4IYX"
  >
    James Brown - Bewildered
  </option>,
  <option
    data-testid="track"
    label="James Brown - Bewildered - Live At The Apollo Theater/1971"
    style="width: 100%;"
    value="0HvlZWilyxPozJoce3ojil"
  >
    James Brown - Bewildered - Live At The Apollo Theater/1971
  </option>,
  <option
    data-testid="track"
    label="James Brown - Blind Man Can See It"
    style="width: 100%;"
    value="6Q88G7jaZCwL5ON5RLyRir"
  >
    James Brown - Blind Man Can See It
  </option>,
  <option
    data-testid="track"
    label="James Brown - Blues & Pants"
    style="width: 100%;"
    value="7pt8LkPCik14WPmton53Sh"
  >
    James Brown - Blues & Pants
  </option>,
  <option
    data-testid="track"
    label="James Brown - Bodyheat"
    style="width: 100%;"
    value="638P2AfGTS7WczpgZLjuoA"
  >
    James Brown - Bodyheat
  </option>,
  <option
    data-testid="track"
    label="James Brown - Bodyheat - Alternate Mix"
    style="width: 100%;"
    value="53IIEBw3Qpscu5J6Xj2afY"
  >
    James Brown - Bodyheat - Alternate Mix
  </option>,
  <option
    data-testid="track"
    label="James Brown - Bodyheat - Pt. 1"
    style="width: 100%;"
    value="5xAIrVOjVkqmMe3AsmV3VG"
  >
    James Brown - Bodyheat - Pt. 1
  </option>,
  <option
    data-testid="track"
    label="James Brown - Bodyheat - Pt. 2"
    style="width: 100%;"
    value="3p3u9LPWAGfqEsULj4JCTo"
  >
    James Brown - Bodyheat - Pt. 2
  </option>,
  <option
    data-testid="track"
    label="James Brown - Brother Rapp"
    style="width: 100%;"
    value="2liFr9nnmFLApe6CQmm3JZ"
  >
    James Brown - Brother Rapp
  </option>,
  <option
    data-testid="track"
    label="James Brown - Brother Rapp - Pt. 1 &. 2"
    style="width: 100%;"
    value="4LQibjAMgQ7kksOIwyjK6U"
  >
    James Brown - Brother Rapp - Pt. 1 &. 2
  </option>,
  <option
    data-testid="track"
    label="James Brown - Brother Rapp - Pts.1 & 2"
    style="width: 100%;"
    value="0W4kDgplQHeGQjh4XfqosI"
  >
    James Brown - Brother Rapp - Pts.1 & 2
  </option>,
  <option
    data-testid="track"
    label="James Brown - Bucket Head - Single Version"
    style="width: 100%;"
    value="0cPduapM8z6QmLWY01UEQm"
  >
    James Brown - Bucket Head - Single Version
  </option>,
  <option
    data-testid="track"
    label="James Brown - Caldonia"
    style="width: 100%;"
    value="3ERdSYicyIi1e9Wk7diCGY"
  >
    James Brown - Caldonia
  </option>,
  <option
    data-testid="track"
    label="James Brown - Can I Get Some Help"
    style="width: 100%;"
    value="2OE0SQCsIExYh8K3Zb5Jeq"
  >
    James Brown - Can I Get Some Help
  </option>,
  <option
    data-testid="track"
    label="James Brown - Can Mind"
    style="width: 100%;"
    value="7GoZXhuK4GgJ4lqG6E884h"
  >
    James Brown - Can Mind
  </option>,
  <option
    data-testid="track"
    label="James Brown - Can't Be The Same"
    style="width: 100%;"
    value="25WwEGIubvOQAmLyfTvRYW"
  >
    James Brown - Can't Be The Same
  </option>,
  <option
    data-testid="track"
    label="James Brown - Can't Git Enuf"
    style="width: 100%;"
    value="5DCTFXLcGriMo72pViYDhx"
  >
    James Brown - Can't Git Enuf
  </option>,
  <option
    data-testid="track"
    label="James Brown - Chase"
    style="width: 100%;"
    value="2epsbhjyrsxQFz4NfhTMPx"
  >
    James Brown - Chase
  </option>,
  <option
    data-testid="track"
    label="James Brown - Chicago"
    style="width: 100%;"
    value="4WpHFxRZZy8k0Qo86JfEmi"
  >
    James Brown - Chicago
  </option>,
  <option
    data-testid="track"
    label="James Brown - Chonnie-On-Chon"
    style="width: 100%;"
    value="4j533HOTtFdRLlbIEzdjCx"
  >
    James Brown - Chonnie-On-Chon
  </option>,
  <option
    data-testid="track"
    label="James Brown - Choo-Choo Locomotion"
    style="width: 100%;"
    value="1goVleaWuWzKjvk9neBI3p"
  >
    James Brown - Choo-Choo Locomotion
  </option>,
  <option
    data-testid="track"
    label="James Brown - Christmas In Heaven"
    style="width: 100%;"
    value="6nhSwhCDGZaSnAOC2KKFYh"
  >
    James Brown - Christmas In Heaven
  </option>,
  <option
    data-testid="track"
    label="James Brown - Christmas Is Coming"
    style="width: 100%;"
    value="6RsADlJNxpzdmfcjXJ5UTT"
  >
    James Brown - Christmas Is Coming
  </option>,
  <option
    data-testid="track"
    label="James Brown - Christmas Is Love"
    style="width: 100%;"
    value="50QEfJfKUVa9vGLgCCyMBi"
  >
    James Brown - Christmas Is Love
  </option>,
  <option
    data-testid="track"
    label="James Brown - Cold Sweat"
    style="width: 100%;"
    value="7AqQintYQY3GukK4KBI8Xt"
  >
    James Brown - Cold Sweat
  </option>,
  <option
    data-testid="track"
    label="James Brown - Cold Sweat - 1967 Version"
    style="width: 100%;"
    value="4dLxvnjexEg8BKL3wPg3po"
  >
    James Brown - Cold Sweat - 1967 Version
  </option>,
  <option
    data-testid="track"
    label="James Brown - Cold Sweat - Alternate Take"
    style="width: 100%;"
    value="1KoNYZLMZufggZ7GqiPbKe"
  >
    James Brown - Cold Sweat - Alternate Take
  </option>,
  <option
    data-testid="track"
    label="James Brown - Cold Sweat - False Start & Studio Dialogue"
    style="width: 100%;"
    value="6KlGMn29FdwfxzSrQEnQbk"
  >
    James Brown - Cold Sweat - False Start & Studio Dialogue
  </option>,
  <option
    data-testid="track"
    label="James Brown - Cold Sweat - Live"
    style="width: 100%;"
    value="7lpKdrRhgDzj5PUF5FIlwW"
  >
    James Brown - Cold Sweat - Live
  </option>,
  <option
    data-testid="track"
    label="James Brown - Coldblooded"
    style="width: 100%;"
    value="18S3NN89owlqfrk91YccuA"
  >
    James Brown - Coldblooded
  </option>,
  <option
    data-testid="track"
    label="James Brown - Cross Firing - Instrumental"
    style="width: 100%;"
    value="2w5Ca3FQ1itHAFIqz0Nagc"
  >
    James Brown - Cross Firing - Instrumental
  </option>,
  <option
    data-testid="track"
    label="James Brown - Dead On It"
    style="width: 100%;"
    value="7hVGLKcwX4JFfzzfCKxxce"
  >
    James Brown - Dead On It
  </option>,
  <option
    data-testid="track"
    label="James Brown - Deep In It - Unedited Album Version"
    style="width: 100%;"
    value="5GmVcA7P2w5WieGsvJoz42"
  >
    James Brown - Deep In It - Unedited Album Version
  </option>,
  <option
    data-testid="track"
    label="James Brown - Devil's Den - Pt. 1"
    style="width: 100%;"
    value="7pe4SDVbBMIrFErHP0qXeg"
  >
    James Brown - Devil's Den - Pt. 1
  </option>,
  <option
    data-testid="track"
    label="James Brown - Devil's Hideaway"
    style="width: 100%;"
    value="409zpVJtpMCienlrnY4CsM"
  >
    James Brown - Devil's Hideaway
  </option>,
  <option
    data-testid="track"
    label="James Brown - Dirty Harri"
    style="width: 100%;"
    value="1KNNbrsDRG1resCsoytEQV"
  >
    James Brown - Dirty Harri
  </option>,
  <option
    data-testid="track"
    label="James Brown - Doing The Best I Can"
    style="width: 100%;"
    value="7eQzKOWvEra60nJRLvvRpv"
  >
    James Brown - Doing The Best I Can
  </option>,
  <option
    data-testid="track"
    label="James Brown - Don't Be A Dropout"
    style="width: 100%;"
    value="5tQ3IlpL3DyiEHYflddHqy"
  >
    James Brown - Don't Be A Dropout
  </option>,
  <option
    data-testid="track"
    label="James Brown - Don't Let It Happen To Me"
    style="width: 100%;"
    value="1UZsUH3JLYFb6q4lQzjFEQ"
  >
    James Brown - Don't Let It Happen To Me
  </option>,
  <option
    data-testid="track"
    label="James Brown - Don't Tell A Lie About Me And I Won't Tell The Truth On You"
    style="width: 100%;"
    value="1a7dAGKUyUndTQ7oHIMB3b"
  >
    James Brown - Don't Tell A Lie About Me And I Won't Tell The Truth On You
  </option>,
  <option
    data-testid="track"
    label="James Brown - Don't Tell It"
    style="width: 100%;"
    value="6ICicZdoWTfEHc76F3xFiE"
  >
    James Brown - Don't Tell It
  </option>,
  <option
    data-testid="track"
    label="James Brown - Don’t Mind"
    style="width: 100%;"
    value="0zu754002s0GvX6DkgF7O9"
  >
    James Brown - Don’t Mind
  </option>,
  <option
    data-testid="track"
    label="James Brown - Doodle Bug - Instrumental"
    style="width: 100%;"
    value="2WWwdH8xNnmMQWRqG5UiCs"
  >
    James Brown - Doodle Bug - Instrumental
  </option>,
  <option
    data-testid="track"
    label="James Brown - Down And Out In New York City"
    style="width: 100%;"
    value="0jOnm3CL79MflZQSZiimpg"
  >
    James Brown - Down And Out In New York City
  </option>,
  <option
    data-testid="track"
    label="James Brown - Down And Out In New York City - Single Version"
    style="width: 100%;"
    value="4OYb8JSkqhrjaTwD9R2T7g"
  >
    James Brown - Down And Out In New York City - Single Version
  </option>,
  <option
    data-testid="track"
    label="James Brown - Escape-Ism"
    style="width: 100%;"
    value="7d5I6xeEBbaRgzbxdRAVNk"
  >
    James Brown - Escape-Ism
  </option>,
  <option
    data-testid="track"
    label="James Brown - Escape-Ism - Live At The Apollo Theater/1971"
    style="width: 100%;"
    value="6nIOG1WVahM3OKh7i6GKEH"
  >
    James Brown - Escape-Ism - Live At The Apollo Theater/1971
  </option>,
  <option
    data-testid="track"
    label="James Brown - Escape-Ism - Pt. 1"
    style="width: 100%;"
    value="3AcbEJGK7crJZDyX075lxl"
  >
    James Brown - Escape-Ism - Pt. 1
  </option>,
  <option
    data-testid="track"
    label="James Brown - Every Beat Of My Heart"
    style="width: 100%;"
    value="1K0GSEIFwIY1mn5SQNMFSr"
  >
    James Brown - Every Beat Of My Heart
  </option>,
  <option
    data-testid="track"
    label="James Brown - Evil"
    style="width: 100%;"
    value="1m8aNsMFQVJs5kdb0dOX5l"
  >
    James Brown - Evil
  </option>,
  <option
    data-testid="track"
    label="James Brown - Fast Medley: I Can't Stand It - Live At The Apollo Theater/1971"
    style="width: 100%;"
    value="4Epnahhh56QGiiMrpJxJgJ"
  >
    James Brown - Fast Medley: I Can't Stand It - Live At The Apollo Theater/1971
  </option>,
  <option
    data-testid="track"
    label="James Brown - Fight Against Drug Abuse - Public Service Announcement"
    style="width: 100%;"
    value="4NUaWYegPEWjEL6g8nhhAg"
  >
    James Brown - Fight Against Drug Abuse - Public Service Announcement
  </option>,
  <option
    data-testid="track"
    label="James Brown - For Goodness Sakes, Take A Look At Those Cakes - Pt.1"
    style="width: 100%;"
    value="2ER3ibvQvs5jzbrlWAMkig"
  >
    James Brown - For Goodness Sakes, Take A Look At Those Cakes - Pt.1
  </option>,
  <option
    data-testid="track"
    label="James Brown - For Once In My Life - Extended Version"
    style="width: 100%;"
    value="5ae37qqkx77TKv2jzifMZt"
  >
    James Brown - For Once In My Life - Extended Version
  </option>,
  <option
    data-testid="track"
    label="James Brown - Forever Suffering"
    style="width: 100%;"
    value="63gMOnXgMKAg7uO0l1lfbZ"
  >
    James Brown - Forever Suffering
  </option>,
  <option
    data-testid="track"
    label="James Brown - Funk On Ahh Roll"
    style="width: 100%;"
    value="1DqEbvKhyo5i8xwkcaQFkA"
  >
    James Brown - Funk On Ahh Roll
  </option>,
  <option
    data-testid="track"
    label="James Brown - Funky Drummer"
    style="width: 100%;"
    value="0M1qMQORBCpkDxWngawXJp"
  >
    James Brown - Funky Drummer
  </option>,
  <option
    data-testid="track"
    label="James Brown - Funky Drummer - Pt. 1"
    style="width: 100%;"
    value="0TLWlcHe75j55CUrsLQb2l"
  >
    James Brown - Funky Drummer - Pt. 1
  </option>,
  <option
    data-testid="track"
    label="James Brown - Funky Drummer - Pt. 1 & 2"
    style="width: 100%;"
    value="0rsO9SIH7WQXOzd4yRpy1k"
  >
    James Brown - Funky Drummer - Pt. 1 & 2
  </option>,
  <option
    data-testid="track"
    label="James Brown - Funky Drummer - Pt. 2"
    style="width: 100%;"
    value="1XuJoJaC3BNYMhrj1OBWMP"
  >
    James Brown - Funky Drummer - Pt. 2
  </option>,
  <option
    data-testid="track"
    label="James Brown - Funky Drummer - Pts.1 & 2 / Edit"
    style="width: 100%;"
    value="4bgEXUHIrOZ2H4sz7j9RAB"
  >
    James Brown - Funky Drummer - Pts.1 & 2 / Edit
  </option>,
  <option
    data-testid="track"
    label="James Brown - Funky President (People It's Bad)"
    style="width: 100%;"
    value="0fRQoQSmjekclnsK02hzQZ"
  >
    James Brown - Funky President (People It's Bad)
  </option>,
  <option
    data-testid="track"
    label="James Brown - Funky Side Of Town"
    style="width: 100%;"
    value="4dFh05Zhbp9PF2v4BWxrtf"
  >
    James Brown - Funky Side Of Town
  </option>,
  <option
    data-testid="track"
    label="James Brown - Georgia On My Mind"
    style="width: 100%;"
    value="12Xr5qRz3B1EZ4n700XQVr"
  >
    James Brown - Georgia On My Mind
  </option>,
  <option
    data-testid="track"
    label="James Brown - Georgia On My Mind - Live"
    style="width: 100%;"
    value="0gglrUeKCakCrPeoaK6QSB"
  >
    James Brown - Georgia On My Mind - Live
  </option>,
  <option
    data-testid="track"
    label="James Brown - Get It Together - Pt.1 & 2"
    style="width: 100%;"
    value="0rzWUy1FNJ10ZApyrf1bkz"
  >
    James Brown - Get It Together - Pt.1 & 2
  </option>,
  <option
    data-testid="track"
    label="James Brown - Get On The Good Foot - Live"
    style="width: 100%;"
    value="7GkZUCppxkthi2Rl2PApOT"
  >
    James Brown - Get On The Good Foot - Live
  </option>,
  <option
    data-testid="track"
    label="James Brown - Get On The Good Foot - Pt.1 & 2"
    style="width: 100%;"
    value="0YfMMzlMdOSGiAA0oYtyNV"
  >
    James Brown - Get On The Good Foot - Pt.1 & 2
  </option>,
  <option
    data-testid="track"
    label="James Brown - Get On The Good Foot, Pt. 1 - Single Version"
    style="width: 100%;"
    value="08RCefU3IXnK9cQBYmyFVK"
  >
    James Brown - Get On The Good Foot, Pt. 1 - Single Version
  </option>,
  <option
    data-testid="track"
    label="James Brown - Get Up (I Feel Like Being A) Sex Machine"
    style="width: 100%;"
    value="36FwlbucaT0FgkkH9bQvmM"
  >
    James Brown - Get Up (I Feel Like Being A) Sex Machine
  </option>,
  <option
    data-testid="track"
    label="James Brown - Get Up (I Feel Like Being A) Sex Machine - Live At The Olympia Theatre, Paris/1971"
    style="width: 100%;"
    value="1iD7KaSPJcMp836w5uyFlE"
  >
    James Brown - Get Up (I Feel Like Being A) Sex Machine - Live At The Olympia Theatre, Paris/1971
  </option>,
  <option
    data-testid="track"
    label="James Brown - Get Up I Feel Like Being A Sex Machine"
    style="width: 100%;"
    value="3a0yUOy37HakWw8cFgzkGt"
  >
    James Brown - Get Up I Feel Like Being A Sex Machine
  </option>,
  <option
    data-testid="track"
    label="James Brown - Get Up I Feel Like Being A Sex Machine - Pt. 1 / Single Version"
    style="width: 100%;"
    value="6Bne501HS96nEeNq8Gn87R"
  >
    James Brown - Get Up I Feel Like Being A Sex Machine - Pt. 1 / Single Version
  </option>,
  <option
    data-testid="track"
    label="James Brown - Get Up I Feel Like Being Like A Sex Machine, Pts. 1 & 2"
    style="width: 100%;"
    value="6hpmTwgNCz81H2bFEREx29"
  >
    James Brown - Get Up I Feel Like Being Like A Sex Machine, Pts. 1 & 2
  </option>,
  <option
    data-testid="track"
    label="James Brown - Get Up Off Of Me"
    style="width: 100%;"
    value="6wqTaqgoh9uc7FfDa7hweG"
  >
    James Brown - Get Up Off Of Me
  </option>,
  <option
    data-testid="track"
    label="James Brown - Get Up Offa That Thing"
    style="width: 100%;"
    value="5XeSAezNDk9tuw3viiCbZ3"
  >
    James Brown - Get Up Offa That Thing
  </option>,
  <option
    data-testid="track"
    label="James Brown - Get Up Offa That Thing (Release The Pressure)"
    style="width: 100%;"
    value="3CNgAQftTCJzrFuxPtt0EG"
  >
    James Brown - Get Up Offa That Thing (Release The Pressure)
  </option>,
  <option
    data-testid="track"
    label="James Brown - Get Up Offa That Thing - Live"
    style="width: 100%;"
    value="2Cv7n4DSZZNGGZ85OhfdaI"
  >
    James Brown - Get Up Offa That Thing - Live
  </option>,
  <option
    data-testid="track"
    label="James Brown - Get Up, Get Into It, Get Involved - Live At The Apollo Theater/1971"
    style="width: 100%;"
    value="3Ac5c7vHHokMwmRqYqNHig"
  >
    James Brown - Get Up, Get Into It, Get Involved - Live At The Apollo Theater/1971
  </option>,
  <option
    data-testid="track"
    label="James Brown - Get Up, Get Into It, Get Involved - Pt. 1 & 2 / Mono"
    style="width: 100%;"
    value="3HvtTFhSJ0TATbaSGAhAgV"
  >
    James Brown - Get Up, Get Into It, Get Involved - Pt. 1 & 2 / Mono
  </option>,
  <option
    data-testid="track"
    label="James Brown - Get Up, Get Into It, Get Involved - Pt.1"
    style="width: 100%;"
    value="6nyf8KgyWi8oraGyVrCKDk"
  >
    James Brown - Get Up, Get Into It, Get Involved - Pt.1
  </option>,
  <option
    data-testid="track"
    label="James Brown - Give It Up Or Turn It Loose"
    style="width: 100%;"
    value="50Z7QwOJbpcWeimwVnSjMD"
  >
    James Brown - Give It Up Or Turn It Loose
  </option>,
  <option
    data-testid="track"
    label="James Brown - Give It Up Or Turnit A Loose"
    style="width: 100%;"
    value="01MPguc1PHQc7Lu5EvNe5E"
  >
    James Brown - Give It Up Or Turnit A Loose
  </option>,
  <option
    data-testid="track"
    label="James Brown - Give It Up Or Turnit A Loose - Live At Bell Auditorium, Augusta, GA/1969"
    style="width: 100%;"
    value="3LSCSS8TEkWLp3JdELpDkJ"
  >
    James Brown - Give It Up Or Turnit A Loose - Live At Bell Auditorium, Augusta, GA/1969
  </option>,
  <option
    data-testid="track"
    label="James Brown - Give It Up Or Turnit A Loose - Live At The Apollo Theater/1971"
    style="width: 100%;"
    value="5egvZ1ExugBbOpr8q9HoSJ"
  >
    James Brown - Give It Up Or Turnit A Loose - Live At The Apollo Theater/1971
  </option>,
  <option
    data-testid="track"
    label="James Brown - Give It Up, Turn It Loose (Live)"
    style="width: 100%;"
    value="40JJ3bZw2HrahjZgIv2dyw"
  >
    James Brown - Give It Up, Turn It Loose (Live)
  </option>,
  <option
    data-testid="track"
    label="James Brown - Give Me Some Skin"
    style="width: 100%;"
    value="4w3xyoBmqo1E4TJ8XisKAm"
  >
    James Brown - Give Me Some Skin
  </option>,
  <option
    data-testid="track"
    label="James Brown - Go Power At Christmas Time"
    style="width: 100%;"
    value="1u0uHOWAm7yADklUAERtlX"
  >
    James Brown - Go Power At Christmas Time
  </option>,
  <option
    data-testid="track"
    label="James Brown - Godfather Runnin' the Joint"
    style="width: 100%;"
    value="0kAi6bNPP2jEpTKtmIDLWu"
  >
    James Brown - Godfather Runnin' the Joint
  </option>,
  <option
    data-testid="track"
    label="James Brown - Goliath"
    style="width: 100%;"
    value="3ow8ponDapvGqfNUSV9FQE"
  >
    James Brown - Goliath
  </option>,
  <option
    data-testid="track"
    label="James Brown - Gonna Try"
    style="width: 100%;"
    value="3G735AIowcB8wkzhfMh07X"
  >
    James Brown - Gonna Try
  </option>,
  <option
    data-testid="track"
    label="James Brown - Goodbye My Love"
    style="width: 100%;"
    value="7qA41EPaEQRIIJoEmus3H3"
  >
    James Brown - Goodbye My Love
  </option>,
  <option
    data-testid="track"
    label="James Brown - Goodnight My Love"
    style="width: 100%;"
    value="5swag34R79esIulUzoEuTF"
  >
    James Brown - Goodnight My Love
  </option>,
  <option
    data-testid="track"
    label="James Brown - Got To Cry"
    style="width: 100%;"
    value="1cEX1AYeEul6KJzUvweWdK"
  >
    James Brown - Got To Cry
  </option>,
  <option
    data-testid="track"
    label="James Brown - Gravity"
    style="width: 100%;"
    value="1yihMFDDtINhTwNfAFRIMZ"
  >
    James Brown - Gravity
  </option>,
  <option
    data-testid="track"
    label="James Brown - Grits - Extended Version"
    style="width: 100%;"
    value="4JfhUf9y8ZHHyyB1qnN8PB"
  >
    James Brown - Grits - Extended Version
  </option>,
  <option
    data-testid="track"
    label="James Brown - Have A Happy Day"
    style="width: 100%;"
    value="0B7fnFQ8M2gHx88QjtFELo"
  >
    James Brown - Have A Happy Day
  </option>,
  <option
    data-testid="track"
    label="James Brown - Headache - Instrumental"
    style="width: 100%;"
    value="2aYqQPzQ5L2sPnGkBjoDFO"
  >
    James Brown - Headache - Instrumental
  </option>,
  <option
    data-testid="track"
    label="James Brown - Hell"
    style="width: 100%;"
    value="2C1w7KEy7axI4IJJrffJi4"
  >
    James Brown - Hell
  </option>,
  <option
    data-testid="track"
    label="James Brown - Hey America"
    style="width: 100%;"
    value="47MJtUUKoWC9fWkoYyrM6b"
  >
    James Brown - Hey America
  </option>,
  <option
    data-testid="track"
    label="James Brown - Hey America - Sing Along"
    style="width: 100%;"
    value="3lGXshwtvMXsDJold4ExGx"
  >
    James Brown - Hey America - Sing Along
  </option>,
  <option
    data-testid="track"
    label="James Brown - Hold It"
    style="width: 100%;"
    value="1AG23qNic87YTVMTaprCsX"
  >
    James Brown - Hold It
  </option>,
  <option
    data-testid="track"
    label="James Brown - Hold My Baby's Hand"
    style="width: 100%;"
    value="7qltOcMkHkQ628y3KU8JZy"
  >
    James Brown - Hold My Baby's Hand
  </option>,
  <option
    data-testid="track"
    label="James Brown - Home Again"
    style="width: 100%;"
    value="52f6akjeyz8aaGimDXhfpb"
  >
    James Brown - Home Again
  </option>,
  <option
    data-testid="track"
    label="James Brown - Hot (I Need To Be Loved, Loved, Loved, Loved)"
    style="width: 100%;"
    value="0H5BBzLlH2aHOXihiCKRve"
  >
    James Brown - Hot (I Need To Be Loved, Loved, Loved, Loved)
  </option>,
  <option
    data-testid="track"
    label="James Brown - Hot Pants (She Got To Use What She Got To Get What She Wants)"
    style="width: 100%;"
    value="0KfjST3TeVl1UxEmyd7swL"
  >
    James Brown - Hot Pants (She Got To Use What She Got To Get What She Wants)
  </option>,
  <option
    data-testid="track"
    label="James Brown - Hot Pants (She Got To Use What She Got To Get What She Wants) - Pt.1 / Single Version"
    style="width: 100%;"
    value="6ckgae2Zhy3DDV3n2UEUCU"
  >
    James Brown - Hot Pants (She Got To Use What She Got To Get What She Wants) - Pt.1 / Single Version
  </option>,
  <option
    data-testid="track"
    label="James Brown - Hot Pants - Live"
    style="width: 100%;"
    value="6Torco1ayV4P2KZJC9xvT9"
  >
    James Brown - Hot Pants - Live
  </option>,
  <option
    data-testid="track"
    label="James Brown - Hot Pants Road"
    style="width: 100%;"
    value="2CRM2fTUscEvspOfe5S7Eg"
  >
    James Brown - Hot Pants Road
  </option>,
  <option
    data-testid="track"
    label="James Brown - Hot Pants, Parts 1 & 2"
    style="width: 100%;"
    value="4Y0qIoUHscFcD4SAFnuO1s"
  >
    James Brown - Hot Pants, Parts 1 & 2
  </option>,
  <option
    data-testid="track"
    label="James Brown - How Do You Stop"
    style="width: 100%;"
    value="1mR5w0Lb0BR0FmBtFDN7Iq"
  >
    James Brown - How Do You Stop
  </option>,
  <option
    data-testid="track"
    label="James Brown - Hustle!!! (Dead On It)"
    style="width: 100%;"
    value="7cj6eLcTYVLBzsAKeWuJcU"
  >
    James Brown - Hustle!!! (Dead On It)
  </option>,
  <option
    data-testid="track"
    label="James Brown - I Can't Stand It \\"76\\""
    style="width: 100%;"
    value="4BV8IOtReOVZF5SMJgl4HG"
  >
    James Brown - I Can't Stand It "76"
  </option>,
  <option
    data-testid="track"
    label="James Brown - I Can't Stand Myself (When You Touch Me) - Live"
    style="width: 100%;"
    value="23WuWxR6WHqRarq9ZswqQz"
  >
    James Brown - I Can't Stand Myself (When You Touch Me) - Live
  </option>,
  <option
    data-testid="track"
    label="James Brown - I Can't Stand Myself (When You Touch Me) - Live At Bell Auditorium, Augusta, GA/1969"
    style="width: 100%;"
    value="6Kj9Xl4PVWufJJoazmxGCK"
  >
    James Brown - I Can't Stand Myself (When You Touch Me) - Live At Bell Auditorium, Augusta, GA/1969
  </option>,
  <option
    data-testid="track"
    label="James Brown - I Can't Stand Myself (When You Touch Me) - Live At Dallas Memorial Auditorium / 1968"
    style="width: 100%;"
    value="0SJk57cgJOoB4GMTCa0090"
  >
    James Brown - I Can't Stand Myself (When You Touch Me) - Live At Dallas Memorial Auditorium / 1968
  </option>,
  <option
    data-testid="track"
    label="James Brown - I Can't Stand Myself (When You Touch Me) - Part 1 & 2"
    style="width: 100%;"
    value="4bLBYtogiF5s2FWoxH4pMs"
  >
    James Brown - I Can't Stand Myself (When You Touch Me) - Part 1 & 2
  </option>,
  <option
    data-testid="track"
    label="James Brown - I Can't Stand Myself (When You Touch Me) - Pt. 1 / Single Version"
    style="width: 100%;"
    value="5hCnSRWIdPmZDs787VCYNM"
  >
    James Brown - I Can't Stand Myself (When You Touch Me) - Pt. 1 / Single Version
  </option>,
  <option
    data-testid="track"
    label="James Brown - I Cried - Single Version"
    style="width: 100%;"
    value="6YL8Em82Fp2xDtNlCQOwqQ"
  >
    James Brown - I Cried - Single Version
  </option>,
  <option
    data-testid="track"
    label="James Brown - I Don't Care"
    style="width: 100%;"
    value="16QTFsboDCVXuSfCX6lfDe"
  >
    James Brown - I Don't Care
  </option>,
  <option
    data-testid="track"
    label="James Brown - I Don't Know"
    style="width: 100%;"
    value="3MF0ayhAW2ymz0qcX5PN2e"
  >
    James Brown - I Don't Know
  </option>,
  <option
    data-testid="track"
    label="James Brown - I Don't Mind"
    style="width: 100%;"
    value="2ccAMXmyEIP9JUIWSsTZFA"
  >
    James Brown - I Don't Mind
  </option>,
  <option
    data-testid="track"
    label="James Brown - I Don't Mind - Live At The Apollo Theater/1962"
    style="width: 100%;"
    value="0tPXbxVlRMXNsqhi0HEXeS"
  >
    James Brown - I Don't Mind - Live At The Apollo Theater/1962
  </option>,
  <option
    data-testid="track"
    label="James Brown - I Don't Want Nobody To Give Me Nothing (Open Up The Door I'll Get It Myself)"
    style="width: 100%;"
    value="1PKC5STQWhYpKozwbvFKiT"
  >
    James Brown - I Don't Want Nobody To Give Me Nothing (Open Up The Door I'll Get It Myself)
  </option>,
  <option
    data-testid="track"
    label="James Brown - I Don't Want Nobody To Give Me Nothing (Open Up The Door I'll Get It Myself) - Live At Bell Auditorium, Augusta, GA/1969"
    style="width: 100%;"
    value="7hsKWxRaptOQQi1dGRPZGB"
  >
    James Brown - I Don't Want Nobody To Give Me Nothing (Open Up The Door I'll Get It Myself) - Live At Bell Auditorium, Augusta, GA/1969
  </option>,
  <option
    data-testid="track"
    label="James Brown - I Don't Want Nobody To Give Me Nothing (Open Up The Door I'll Get It Myself) - Pt.1 / Single Version"
    style="width: 100%;"
    value="0FAjZhaX4I6krULvlqc0Sc"
  >
    James Brown - I Don't Want Nobody To Give Me Nothing (Open Up The Door I'll Get It Myself) - Pt.1 / Single Version
  </option>,
  <option
    data-testid="track"
    label="James Brown - I Don’t Mind"
    style="width: 100%;"
    value="6SgoxJeIZgWqKwSNQJq83Z"
  >
    James Brown - I Don’t Mind
  </option>,
  <option
    data-testid="track"
    label="James Brown - I Feel That Old Feeling Coming On"
    style="width: 100%;"
    value="08iacbZD4o9WJeNNPyyzqy"
  >
    James Brown - I Feel That Old Feeling Coming On
  </option>,
  <option
    data-testid="track"
    label="James Brown - I Go Crazy"
    style="width: 100%;"
    value="5ziI8Xf9TKepiQIfCyDOQ6"
  >
    James Brown - I Go Crazy
  </option>,
  <option
    data-testid="track"
    label="James Brown - I Got A Bag Of My Own"
    style="width: 100%;"
    value="3lwMgt7ypb0olzZQRTYTjD"
  >
    James Brown - I Got A Bag Of My Own
  </option>,
  <option
    data-testid="track"
    label="James Brown - I Got Ants In My Pants (And I Want To Dance)"
    style="width: 100%;"
    value="4K9Qgsp2HpLcVChiCeaBl8"
  >
    James Brown - I Got Ants In My Pants (And I Want To Dance)
  </option>,
  <option
    data-testid="track"
    label="James Brown - I Got Ants In My Pants - Pt.1"
    style="width: 100%;"
    value="1NrIBHAGSlMdKpr26Fowa8"
  >
    James Brown - I Got Ants In My Pants - Pt.1
  </option>,
  <option
    data-testid="track"
    label="James Brown - I Got Ants In My Pants, Pt. 1 - Mono Version"
    style="width: 100%;"
    value="7FF6BY3QyxqkZ0WyP5SN8f"
  >
    James Brown - I Got Ants In My Pants, Pt. 1 - Mono Version
  </option>,
  <option
    data-testid="track"
    label="James Brown - I Got The Feelin'"
    style="width: 100%;"
    value="3UPWHgwMFfpE7dIWubNIXr"
  >
    James Brown - I Got The Feelin'
  </option>,
  <option
    data-testid="track"
    label="James Brown - I Got The Feelin' - Extended Version"
    style="width: 100%;"
    value="4ExBmjNIHWZsqpdB1YkeOj"
  >
    James Brown - I Got The Feelin' - Extended Version
  </option>,
  <option
    data-testid="track"
    label="James Brown - I Got The Feelin' - Live"
    style="width: 100%;"
    value="6dhgQRhgRtda8ax0BFClzF"
  >
    James Brown - I Got The Feelin' - Live
  </option>,
  <option
    data-testid="track"
    label="James Brown - I Got The Feelin' - Live At Dallas Memorial Auditorium / 1968"
    style="width: 100%;"
    value="0vvPAZASKKs4dBgQuvPxwv"
  >
    James Brown - I Got The Feelin' - Live At Dallas Memorial Auditorium / 1968
  </option>,
  <option
    data-testid="track"
    label="James Brown - I Got The Feelin' - Single Version"
    style="width: 100%;"
    value="5tT343vz3ymI4xwq4W4ANE"
  >
    James Brown - I Got The Feelin' - Single Version
  </option>,
  <option
    data-testid="track"
    label="James Brown - I Got You (I Feel Good)"
    style="width: 100%;"
    value="5haXbSJqjjM0TCJ5XkfEaC"
  >
    James Brown - I Got You (I Feel Good)
  </option>,
  <option
    data-testid="track"
    label="James Brown - I Got You (I Feel Good) - 1964 Version"
    style="width: 100%;"
    value="6l3cB7zSUlu7XJuVNkogQS"
  >
    James Brown - I Got You (I Feel Good) - 1964 Version
  </option>,
  <option
    data-testid="track"
    label="James Brown - I Got You (I Feel Good) - 1966 Version"
    style="width: 100%;"
    value="2OEXe8FHLD5pw0tBhMW7GG"
  >
    James Brown - I Got You (I Feel Good) - 1966 Version
  </option>,
  <option
    data-testid="track"
    label="James Brown - I Got You (I Feel Good) - Live"
    style="width: 100%;"
    value="70FOR2pmwOrMz9qhOQoNO8"
  >
    James Brown - I Got You (I Feel Good) - Live
  </option>,
  <option
    data-testid="track"
    label="James Brown - I Got You [I Feel Good] (Digital Johnson Mix)"
    style="width: 100%;"
    value="64tzwrWqv9HONPwNwHlJV0"
  >
    James Brown - I Got You [I Feel Good] (Digital Johnson Mix)
  </option>,
  <option
    data-testid="track"
    label="James Brown - I Guess I'll Have To Cry Cry Cry"
    style="width: 100%;"
    value="7fYCnra8hV8yaBzsAJqQ79"
  >
    James Brown - I Guess I'll Have To Cry Cry Cry
  </option>,
  <option
    data-testid="track"
    label="James Brown - I Love You"
    style="width: 100%;"
    value="1zU0CtYA6Td0xNuhfgECzH"
  >
    James Brown - I Love You
  </option>,
  <option
    data-testid="track"
    label="James Brown - I Need Help (I Can't Do It Alone)"
    style="width: 100%;"
    value="6ZbfR3TeZroFmnteuvXtlD"
  >
    James Brown - I Need Help (I Can't Do It Alone)
  </option>,
]
`;
